passe par main
Message reçu de 3contenant  9
Ack 9 envoyé à 3
Message reçu de 3contenant  10
Ack 10 envoyé à 3
Message reçu de 3contenant  4
Ack 4 envoyé à 3
Message reçu de 3contenant  2
Ack 2 envoyé à 3
Message reçu de 3contenant  1
Ack 1 envoyé à 3
Message reçu de 2contenant  9
Ack 9 envoyé à 2
Message reçu de 2contenant  3
Ack 3 envoyé à 2
Message reçu de 2contenant  2
Ack 2 envoyé à 2
Message reçu de 3contenant  10
Message reçu de 3contenant  3
Ack 3 envoyé à 3
Message reçu de 2contenant  10
Ack 10 envoyé à 2
Message reçu de 2contenant  6
Ack 6 envoyé à 2
Message reçu de 2contenant  1
Ack 1 envoyé à 2
Message reçu de 2contenant  5
Ack 5 envoyé à 2
Message reçu de 2contenant  4
Ack 4 envoyé à 2
Message reçu de 3contenant  8
Ack 8 envoyé à 3
Message reçu de 3contenant  9
Message reçu de 2contenant  8
Ack 8 envoyé à 2
Message reçu de 3contenant  5
Ack 5 envoyé à 3
Message reçu de 2contenant  7
Ack 7 envoyé à 2
Message reçu de 3contenant  5
Message reçu de 3contenant  7
Ack 7 envoyé à 3
Message reçu de 3contenant  7
Message reçu de 3contenant  2
Message reçu de 3contenant  8
Message reçu de 3contenant  4
Message reçu de 3contenant  5
Message reçu de 3contenant  8
Message reçu de 3contenant  6
Ack 6 envoyé à 3
Message reçu de 3contenant  2
Message reçu de 3contenant  1
Message reçu de 3contenant  7
Message reçu de 3contenant  1
Message reçu de 3contenant  6
Message reçu de 3contenant  4
Message reçu de 3contenant  10
Message reçu de 3contenant  3
Message reçu de 3contenant  3
Message reçu de 3contenant  9
Message reçu de 2contenant  9
Message reçu de 2contenant  10
Message reçu de 2contenant  4
Message reçu de 2contenant  2
Message reçu de 2contenant  8
Message reçu de 2contenant  6
Message reçu de 2contenant  1
Message reçu de 2contenant  5
Message reçu de 2contenant  3
Message reçu de 2contenant  3
Message reçu de 2contenant  1
Message reçu de 3contenant  3
Message reçu de 3contenant  4
Message reçu de 2contenant  7
Message reçu de 2contenant  4
Message reçu de 2contenant  7
Message reçu de 2contenant  9
Message reçu de 2contenant  10
Message reçu de 3contenant  2
Message reçu de 3contenant  1
Message reçu de 3contenant  6
Message reçu de 3contenant  8
Message reçu de 2contenant  6
Message reçu de 3contenant  7
Message reçu de 2contenant  2
Message reçu de 3contenant  8
Message reçu de 3contenant  10
Message reçu de 2contenant  8
Message reçu de 3contenant  4
Message reçu de 3contenant  5
Message reçu de 3contenant  2
Message reçu de 2contenant  5
Message reçu de 3contenant  6
Message reçu de 2contenant  5
Message reçu de 2contenant  4
Message reçu de 2contenant  9
Message reçu de 2contenant  4
Message reçu de 2contenant  6
Message reçu de 2contenant  1
Message reçu de 3contenant  5
Message reçu de 2contenant  4
Immediately stopping network packet processing.
Writing output.
